// Jest Snapshot v1, https://goo.gl/fbAQLP

exports[`<Banner /> should render correctly 1`] = `
.c0 {
  display: inline-flex;
  align-items: center;
  justify-content: center;
  background: linear-gradient(180deg, #ff5f5f 0%, #f062c0 50%);
  color: #FAFAFA;
  border: 0;
  cursor: pointer;
  border-radius: 0.4rem;
  padding: 0.8rem;
  text-decoration: none;
  font-family: Poppins,-apple-system,BlinkMacSystemFont,'Segoe UI',Roboto,Oxygen,Ubuntu,Cantarell,'Open Sans','Helvetica Neue',sans-serif;
  height: 5rem;
  font-size: 1.6rem;
  padding: 0.8rem 4.8rem;
}

.c0:hover {
  background: linear-gradient(180deg, #e35565 0%, #d958a6 50%);
}

<main
  class=""
>
  <div
    aria-label="Defy death"
    class=""
    role="img"
    src="https://source.unsplash.com/user/willianjusten/1042x580"
  />
  <div
    class=""
  >
    <h2
      class=""
    >
      Defy death
    </h2>
    <h3
      class=""
    >
      Play the new CrashLands season
    </h3>
    <a
      class="c0"
      href="/games/defy-death"
    >
      <span>
        Buy now
      </span>
    </a>
  </div>
</main>
`;
